// Jest Snapshot v1, https://goo.gl/fbAQLP

exports[`ContinentCountries render component ContinentCountries 1`] = `
<View
  style={
    Object {
      "backgroundColor": undefined,
      "height": 1334,
      "padding": NaN,
      "paddingBottom": NaN,
      "paddingTop": null,
    }
  }
>
  <View
    style={
      Object {
        "alignItems": "center",
        "flexDirection": "row",
        "marginBottom": undefined,
      }
    }
  >
    <View
      accessible={true}
      focusable={true}
      onClick={[Function]}
      onResponderGrant={[Function]}
      onResponderMove={[Function]}
      onResponderRelease={[Function]}
      onResponderTerminate={[Function]}
      onResponderTerminationRequest={[Function]}
      onStartShouldSetResponder={[Function]}
      style={
        Object {
          "alignItems": "center",
          "height": NaN,
          "justifyContent": "center",
          "opacity": 1,
          "width": NaN,
        }
      }
    >
      <Icon
        color="#ff9f0a"
        name="chevron-left"
      />
    </View>
    <Text
      style={
        Object {
          "color": undefined,
          "fontSize": undefined,
          "marginLeft": NaN,
        }
      }
    >
      Some country
    </Text>
  </View>
  <RCTScrollView>
    <View>
      <View
        accessible={true}
        focusable={true}
        onClick={[Function]}
        onResponderGrant={[Function]}
        onResponderMove={[Function]}
        onResponderRelease={[Function]}
        onResponderTerminate={[Function]}
        onResponderTerminationRequest={[Function]}
        onStartShouldSetResponder={[Function]}
        style={
          Object {
            "alignItems": "center",
            "flexDirection": "row",
            "marginBottom": NaN,
            "marginTop": NaN,
            "opacity": 1,
          }
        }
      >
        <Image
          source={
            Object {
              "uri": "south flag",
            }
          }
          style={
            Object {
              "height": NaN,
              "width": NaN,
            }
          }
        />
        <Text
          style={
            Object {
              "color": undefined,
              "fontSize": undefined,
              "marginLeft": undefined,
            }
          }
        >
          South
        </Text>
      </View>
      <View
        accessible={true}
        focusable={true}
        onClick={[Function]}
        onResponderGrant={[Function]}
        onResponderMove={[Function]}
        onResponderRelease={[Function]}
        onResponderTerminate={[Function]}
        onResponderTerminationRequest={[Function]}
        onStartShouldSetResponder={[Function]}
        style={
          Object {
            "alignItems": "center",
            "flexDirection": "row",
            "marginBottom": NaN,
            "marginTop": NaN,
            "opacity": 1,
          }
        }
      >
        <Image
          source={
            Object {
              "uri": "north flag",
            }
          }
          style={
            Object {
              "height": NaN,
              "width": NaN,
            }
          }
        />
        <Text
          style={
            Object {
              "color": undefined,
              "fontSize": undefined,
              "marginLeft": undefined,
            }
          }
        >
          North
        </Text>
      </View>
    </View>
  </RCTScrollView>
</View>
`;
